running egg_info
creating ../build/system_bringup_pkg/system_bringup_pkg.egg-info
writing ../build/system_bringup_pkg/system_bringup_pkg.egg-info/PKG-INFO
writing dependency_links to ../build/system_bringup_pkg/system_bringup_pkg.egg-info/dependency_links.txt
writing entry points to ../build/system_bringup_pkg/system_bringup_pkg.egg-info/entry_points.txt
writing requirements to ../build/system_bringup_pkg/system_bringup_pkg.egg-info/requires.txt
writing top-level names to ../build/system_bringup_pkg/system_bringup_pkg.egg-info/top_level.txt
writing manifest file '../build/system_bringup_pkg/system_bringup_pkg.egg-info/SOURCES.txt'
reading manifest file '../build/system_bringup_pkg/system_bringup_pkg.egg-info/SOURCES.txt'
writing manifest file '../build/system_bringup_pkg/system_bringup_pkg.egg-info/SOURCES.txt'
running build
running build_py
creating /home/ubuntu/ros2_ws/src/build/system_bringup_pkg/build
creating /home/ubuntu/ros2_ws/src/build/system_bringup_pkg/build/lib
creating /home/ubuntu/ros2_ws/src/build/system_bringup_pkg/build/lib/system_bringup_pkg
copying system_bringup_pkg/__init__.py -> /home/ubuntu/ros2_ws/src/build/system_bringup_pkg/build/lib/system_bringup_pkg
running install
running install_lib
creating /home/ubuntu/ros2_ws/src/install/system_bringup_pkg/lib/python3.10/site-packages/system_bringup_pkg
copying /home/ubuntu/ros2_ws/src/build/system_bringup_pkg/build/lib/system_bringup_pkg/__init__.py -> /home/ubuntu/ros2_ws/src/install/system_bringup_pkg/lib/python3.10/site-packages/system_bringup_pkg
byte-compiling /home/ubuntu/ros2_ws/src/install/system_bringup_pkg/lib/python3.10/site-packages/system_bringup_pkg/__init__.py to __init__.cpython-310.pyc
running install_data
creating /home/ubuntu/ros2_ws/src/install/system_bringup_pkg/share/ament_index
creating /home/ubuntu/ros2_ws/src/install/system_bringup_pkg/share/ament_index/resource_index
creating /home/ubuntu/ros2_ws/src/install/system_bringup_pkg/share/ament_index/resource_index/packages
copying resource/system_bringup_pkg -> /home/ubuntu/ros2_ws/src/install/system_bringup_pkg/share/ament_index/resource_index/packages
copying package.xml -> /home/ubuntu/ros2_ws/src/install/system_bringup_pkg/share/system_bringup_pkg
creating /home/ubuntu/ros2_ws/src/install/system_bringup_pkg/share/system_bringup_pkg/launch
copying launch/pick_place_vitis_ai.launch.py -> /home/ubuntu/ros2_ws/src/install/system_bringup_pkg/share/system_bringup_pkg/launch
copying launch/pick_place_apu.launch.py -> /home/ubuntu/ros2_ws/src/install/system_bringup_pkg/share/system_bringup_pkg/launch
creating /home/ubuntu/ros2_ws/src/install/system_bringup_pkg/share/system_bringup_pkg/config
copying config/target_base.yaml -> /home/ubuntu/ros2_ws/src/install/system_bringup_pkg/share/system_bringup_pkg/config
copying config/pick_logic.yaml -> /home/ubuntu/ros2_ws/src/install/system_bringup_pkg/share/system_bringup_pkg/config
copying config/vitis_ai_detector.yaml -> /home/ubuntu/ros2_ws/src/install/system_bringup_pkg/share/system_bringup_pkg/config
copying config/realsense_pick_place.yaml -> /home/ubuntu/ros2_ws/src/install/system_bringup_pkg/share/system_bringup_pkg/config
copying config/target_3d.yaml -> /home/ubuntu/ros2_ws/src/install/system_bringup_pkg/share/system_bringup_pkg/config
running install_egg_info
Copying ../build/system_bringup_pkg/system_bringup_pkg.egg-info to /home/ubuntu/ros2_ws/src/install/system_bringup_pkg/lib/python3.10/site-packages/system_bringup_pkg-0.0.0-py3.10.egg-info
running install_scripts
writing list of installed files to '/home/ubuntu/ros2_ws/src/build/system_bringup_pkg/install.log'
