[5.868s] Invoking command in '/home/ubuntu/ros2_ws/src/system_bringup_pkg': PYTHONPATH=/home/ubuntu/ros2_ws/src/build/system_bringup_pkg/prefix_override:/usr/lib/python3/dist-packages/colcon_core/task/python/colcon_distutils_commands:/home/ubuntu/ros2_ws/src/install/system_bringup_pkg/lib/python3.10/site-packages:${PYTHONPATH} /usr/bin/python3 -W ignore:setup.py install is deprecated -W ignore:easy_install command is deprecated setup.py egg_info --egg-base ../build/system_bringup_pkg build --build-base /home/ubuntu/ros2_ws/src/build/system_bringup_pkg/build install --record /home/ubuntu/ros2_ws/src/build/system_bringup_pkg/install.log --single-version-externally-managed install_data
[7.969s] running egg_info
[7.973s] creating ../build/system_bringup_pkg/system_bringup_pkg.egg-info
[7.974s] writing ../build/system_bringup_pkg/system_bringup_pkg.egg-info/PKG-INFO
[7.976s] writing dependency_links to ../build/system_bringup_pkg/system_bringup_pkg.egg-info/dependency_links.txt
[7.977s] writing entry points to ../build/system_bringup_pkg/system_bringup_pkg.egg-info/entry_points.txt
[7.978s] writing requirements to ../build/system_bringup_pkg/system_bringup_pkg.egg-info/requires.txt
[7.979s] writing top-level names to ../build/system_bringup_pkg/system_bringup_pkg.egg-info/top_level.txt
[7.980s] writing manifest file '../build/system_bringup_pkg/system_bringup_pkg.egg-info/SOURCES.txt'
[7.991s] reading manifest file '../build/system_bringup_pkg/system_bringup_pkg.egg-info/SOURCES.txt'
[8.006s] writing manifest file '../build/system_bringup_pkg/system_bringup_pkg.egg-info/SOURCES.txt'
[8.007s] running build
[8.008s] running build_py
[8.009s] creating /home/ubuntu/ros2_ws/src/build/system_bringup_pkg/build
[8.010s] creating /home/ubuntu/ros2_ws/src/build/system_bringup_pkg/build/lib
[8.010s] creating /home/ubuntu/ros2_ws/src/build/system_bringup_pkg/build/lib/system_bringup_pkg
[8.011s] copying system_bringup_pkg/__init__.py -> /home/ubuntu/ros2_ws/src/build/system_bringup_pkg/build/lib/system_bringup_pkg
[8.012s] running install
[8.012s] running install_lib
[8.017s] creating /home/ubuntu/ros2_ws/src/install/system_bringup_pkg/lib/python3.10/site-packages/system_bringup_pkg
[8.017s] copying /home/ubuntu/ros2_ws/src/build/system_bringup_pkg/build/lib/system_bringup_pkg/__init__.py -> /home/ubuntu/ros2_ws/src/install/system_bringup_pkg/lib/python3.10/site-packages/system_bringup_pkg
[8.021s] byte-compiling /home/ubuntu/ros2_ws/src/install/system_bringup_pkg/lib/python3.10/site-packages/system_bringup_pkg/__init__.py to __init__.cpython-310.pyc
[8.023s] running install_data
[8.024s] creating /home/ubuntu/ros2_ws/src/install/system_bringup_pkg/share/ament_index
[8.025s] creating /home/ubuntu/ros2_ws/src/install/system_bringup_pkg/share/ament_index/resource_index
[8.026s] creating /home/ubuntu/ros2_ws/src/install/system_bringup_pkg/share/ament_index/resource_index/packages
[8.027s] copying resource/system_bringup_pkg -> /home/ubuntu/ros2_ws/src/install/system_bringup_pkg/share/ament_index/resource_index/packages
[8.027s] copying package.xml -> /home/ubuntu/ros2_ws/src/install/system_bringup_pkg/share/system_bringup_pkg
[8.028s] creating /home/ubuntu/ros2_ws/src/install/system_bringup_pkg/share/system_bringup_pkg/launch
[8.028s] copying launch/pick_place_vitis_ai.launch.py -> /home/ubuntu/ros2_ws/src/install/system_bringup_pkg/share/system_bringup_pkg/launch
[8.035s] copying launch/pick_place_apu.launch.py -> /home/ubuntu/ros2_ws/src/install/system_bringup_pkg/share/system_bringup_pkg/launch
[8.036s] creating /home/ubuntu/ros2_ws/src/install/system_bringup_pkg/share/system_bringup_pkg/config
[8.037s] copying config/target_base.yaml -> /home/ubuntu/ros2_ws/src/install/system_bringup_pkg/share/system_bringup_pkg/config
[8.038s] copying config/pick_logic.yaml -> /home/ubuntu/ros2_ws/src/install/system_bringup_pkg/share/system_bringup_pkg/config
[8.040s] copying config/vitis_ai_detector.yaml -> /home/ubuntu/ros2_ws/src/install/system_bringup_pkg/share/system_bringup_pkg/config
[8.041s] copying config/realsense_pick_place.yaml -> /home/ubuntu/ros2_ws/src/install/system_bringup_pkg/share/system_bringup_pkg/config
[8.046s] copying config/target_3d.yaml -> /home/ubuntu/ros2_ws/src/install/system_bringup_pkg/share/system_bringup_pkg/config
[8.047s] running install_egg_info
[8.062s] Copying ../build/system_bringup_pkg/system_bringup_pkg.egg-info to /home/ubuntu/ros2_ws/src/install/system_bringup_pkg/lib/python3.10/site-packages/system_bringup_pkg-0.0.0-py3.10.egg-info
[8.068s] running install_scripts
[8.214s] writing list of installed files to '/home/ubuntu/ros2_ws/src/build/system_bringup_pkg/install.log'
[8.434s] Invoked command in '/home/ubuntu/ros2_ws/src/system_bringup_pkg' returned '0': PYTHONPATH=/home/ubuntu/ros2_ws/src/build/system_bringup_pkg/prefix_override:/usr/lib/python3/dist-packages/colcon_core/task/python/colcon_distutils_commands:/home/ubuntu/ros2_ws/src/install/system_bringup_pkg/lib/python3.10/site-packages:${PYTHONPATH} /usr/bin/python3 -W ignore:setup.py install is deprecated -W ignore:easy_install command is deprecated setup.py egg_info --egg-base ../build/system_bringup_pkg build --build-base /home/ubuntu/ros2_ws/src/build/system_bringup_pkg/build install --record /home/ubuntu/ros2_ws/src/build/system_bringup_pkg/install.log --single-version-externally-managed install_data
