[1.373s] DEBUG:colcon:Command line arguments: ['/usr/bin/colcon', 'build', '--packages-select', 'system_bringup']
[1.373s] DEBUG:colcon:Parsed command line arguments: Namespace(log_base=None, log_level=None, verb_name='build', build_base='build', install_base='install', merge_install=False, symlink_install=False, test_result_base=None, continue_on_error=False, executor='parallel', parallel_workers=4, event_handlers=None, ignore_user_meta=False, metas=['./colcon.meta'], base_paths=['.'], packages_ignore=None, packages_ignore_regex=None, paths=None, packages_up_to=None, packages_up_to_regex=None, packages_above=None, packages_above_and_dependencies=None, packages_above_depth=None, packages_select_by_dep=None, packages_skip_by_dep=None, packages_skip_up_to=None, packages_select_build_failed=False, packages_skip_build_finished=False, packages_select_test_failures=False, packages_skip_test_passed=False, packages_select=['system_bringup'], packages_skip=None, packages_select_regex=None, packages_skip_regex=None, packages_start=None, packages_end=None, allow_overriding=[], cmake_args=None, cmake_target=None, cmake_target_skip_unavailable=False, cmake_clean_cache=False, cmake_clean_first=False, cmake_force_configure=False, ament_cmake_args=None, catkin_cmake_args=None, catkin_skip_building_tests=False, mixin_files=None, mixin=None, verb_parser=<colcon_mixin.mixin.mixin_argument.MixinArgumentDecorator object at 0xffff9b1234f0>, verb_extension=<colcon_core.verb.build.BuildVerb object at 0xffff9b310490>, main=<bound method BuildVerb.main of <colcon_core.verb.build.BuildVerb object at 0xffff9b310490>>, mixin_verb=('build',))
[2.949s] Level 1:colcon.colcon_core.package_discovery:discover_packages(colcon_meta) check parameters
[2.949s] Level 1:colcon.colcon_core.package_discovery:discover_packages(recursive) check parameters
[2.950s] Level 1:colcon.colcon_core.package_discovery:discover_packages(ignore) check parameters
[2.950s] Level 1:colcon.colcon_core.package_discovery:discover_packages(path) check parameters
[2.950s] Level 1:colcon.colcon_core.package_discovery:discover_packages(colcon_meta) discover
[2.951s] Level 1:colcon.colcon_core.package_discovery:discover_packages(recursive) discover
[2.951s] INFO:colcon.colcon_core.package_discovery:Crawling recursively for packages in '/home/ubuntu/ros2_ws/src'
[2.952s] Level 1:colcon.colcon_core.package_identification:_identify(.) by extensions ['ignore', 'ignore_ament_install']
[2.952s] Level 1:colcon.colcon_core.package_identification:_identify(.) by extension 'ignore'
[2.953s] Level 1:colcon.colcon_core.package_identification:_identify(.) by extension 'ignore_ament_install'
[2.953s] Level 1:colcon.colcon_core.package_identification:_identify(.) by extensions ['colcon_pkg']
[2.953s] Level 1:colcon.colcon_core.package_identification:_identify(.) by extension 'colcon_pkg'
[2.953s] Level 1:colcon.colcon_core.package_identification:_identify(.) by extensions ['colcon_meta']
[2.954s] Level 1:colcon.colcon_core.package_identification:_identify(.) by extension 'colcon_meta'
[2.954s] Level 1:colcon.colcon_core.package_identification:_identify(.) by extensions ['ros']
[2.954s] Level 1:colcon.colcon_core.package_identification:_identify(.) by extension 'ros'
[3.059s] Level 1:colcon.colcon_core.package_identification:_identify(.) by extensions ['cmake', 'python']
[3.059s] Level 1:colcon.colcon_core.package_identification:_identify(.) by extension 'cmake'
[3.060s] Level 1:colcon.colcon_core.package_identification:_identify(.) by extension 'python'
[3.060s] Level 1:colcon.colcon_core.package_identification:_identify(.) by extensions ['python_setup_py']
[3.060s] Level 1:colcon.colcon_core.package_identification:_identify(.) by extension 'python_setup_py'
[3.061s] Level 1:colcon.colcon_core.package_identification:_identify(apu_rpu_bridge_pkg) by extensions ['ignore', 'ignore_ament_install']
[3.062s] Level 1:colcon.colcon_core.package_identification:_identify(apu_rpu_bridge_pkg) by extension 'ignore'
[3.062s] Level 1:colcon.colcon_core.package_identification:_identify(apu_rpu_bridge_pkg) by extension 'ignore_ament_install'
[3.062s] Level 1:colcon.colcon_core.package_identification:_identify(apu_rpu_bridge_pkg) by extensions ['colcon_pkg']
[3.063s] Level 1:colcon.colcon_core.package_identification:_identify(apu_rpu_bridge_pkg) by extension 'colcon_pkg'
[3.063s] Level 1:colcon.colcon_core.package_identification:_identify(apu_rpu_bridge_pkg) by extensions ['colcon_meta']
[3.063s] Level 1:colcon.colcon_core.package_identification:_identify(apu_rpu_bridge_pkg) by extension 'colcon_meta'
[3.063s] Level 1:colcon.colcon_core.package_identification:_identify(apu_rpu_bridge_pkg) by extensions ['ros']
[3.064s] Level 1:colcon.colcon_core.package_identification:_identify(apu_rpu_bridge_pkg) by extension 'ros'
[3.086s] DEBUG:colcon.colcon_core.package_identification:Package 'apu_rpu_bridge_pkg' with type 'ros.ament_python' and name 'apu_rpu_bridge_pkg'
[3.087s] Level 1:colcon.colcon_core.package_identification:_identify(build) by extensions ['ignore', 'ignore_ament_install']
[3.087s] Level 1:colcon.colcon_core.package_identification:_identify(build) by extension 'ignore'
[3.088s] Level 1:colcon.colcon_core.package_identification:_identify(build) ignored
[3.088s] Level 1:colcon.colcon_core.package_identification:_identify(camera_source_pkg) by extensions ['ignore', 'ignore_ament_install']
[3.089s] Level 1:colcon.colcon_core.package_identification:_identify(camera_source_pkg) by extension 'ignore'
[3.089s] Level 1:colcon.colcon_core.package_identification:_identify(camera_source_pkg) by extension 'ignore_ament_install'
[3.090s] Level 1:colcon.colcon_core.package_identification:_identify(camera_source_pkg) by extensions ['colcon_pkg']
[3.090s] Level 1:colcon.colcon_core.package_identification:_identify(camera_source_pkg) by extension 'colcon_pkg'
[3.090s] Level 1:colcon.colcon_core.package_identification:_identify(camera_source_pkg) by extensions ['colcon_meta']
[3.090s] Level 1:colcon.colcon_core.package_identification:_identify(camera_source_pkg) by extension 'colcon_meta'
[3.091s] Level 1:colcon.colcon_core.package_identification:_identify(camera_source_pkg) by extensions ['ros']
[3.091s] Level 1:colcon.colcon_core.package_identification:_identify(camera_source_pkg) by extension 'ros'
[3.097s] DEBUG:colcon.colcon_core.package_identification:Package 'camera_source_pkg' with type 'ros.ament_python' and name 'camera_source_pkg'
[3.098s] Level 1:colcon.colcon_core.package_identification:_identify(install) by extensions ['ignore', 'ignore_ament_install']
[3.098s] Level 1:colcon.colcon_core.package_identification:_identify(install) by extension 'ignore'
[3.099s] Level 1:colcon.colcon_core.package_identification:_identify(install) ignored
[3.099s] Level 1:colcon.colcon_core.package_identification:_identify(log) by extensions ['ignore', 'ignore_ament_install']
[3.100s] Level 1:colcon.colcon_core.package_identification:_identify(log) by extension 'ignore'
[3.100s] Level 1:colcon.colcon_core.package_identification:_identify(log) ignored
[3.101s] Level 1:colcon.colcon_core.package_identification:_identify(mock_detection_pkg) by extensions ['ignore', 'ignore_ament_install']
[3.101s] Level 1:colcon.colcon_core.package_identification:_identify(mock_detection_pkg) by extension 'ignore'
[3.102s] Level 1:colcon.colcon_core.package_identification:_identify(mock_detection_pkg) by extension 'ignore_ament_install'
[3.102s] Level 1:colcon.colcon_core.package_identification:_identify(mock_detection_pkg) by extensions ['colcon_pkg']
[3.102s] Level 1:colcon.colcon_core.package_identification:_identify(mock_detection_pkg) by extension 'colcon_pkg'
[3.102s] Level 1:colcon.colcon_core.package_identification:_identify(mock_detection_pkg) by extensions ['colcon_meta']
[3.103s] Level 1:colcon.colcon_core.package_identification:_identify(mock_detection_pkg) by extension 'colcon_meta'
[3.103s] Level 1:colcon.colcon_core.package_identification:_identify(mock_detection_pkg) by extensions ['ros']
[3.103s] Level 1:colcon.colcon_core.package_identification:_identify(mock_detection_pkg) by extension 'ros'
[3.109s] DEBUG:colcon.colcon_core.package_identification:Package 'mock_detection_pkg' with type 'ros.ament_python' and name 'mock_detection_pkg'
[3.110s] Level 1:colcon.colcon_core.package_identification:_identify(my_interfaces) by extensions ['ignore', 'ignore_ament_install']
[3.110s] Level 1:colcon.colcon_core.package_identification:_identify(my_interfaces) by extension 'ignore'
[3.111s] Level 1:colcon.colcon_core.package_identification:_identify(my_interfaces) by extension 'ignore_ament_install'
[3.111s] Level 1:colcon.colcon_core.package_identification:_identify(my_interfaces) by extensions ['colcon_pkg']
[3.111s] Level 1:colcon.colcon_core.package_identification:_identify(my_interfaces) by extension 'colcon_pkg'
[3.112s] Level 1:colcon.colcon_core.package_identification:_identify(my_interfaces) by extensions ['colcon_meta']
[3.112s] Level 1:colcon.colcon_core.package_identification:_identify(my_interfaces) by extension 'colcon_meta'
[3.112s] Level 1:colcon.colcon_core.package_identification:_identify(my_interfaces) by extensions ['ros']
[3.112s] Level 1:colcon.colcon_core.package_identification:_identify(my_interfaces) by extension 'ros'
[3.117s] DEBUG:colcon.colcon_core.package_identification:Package 'my_interfaces' with type 'ros.ament_cmake' and name 'my_interfaces'
[3.117s] Level 1:colcon.colcon_core.package_identification:_identify(pick_logic_pkg) by extensions ['ignore', 'ignore_ament_install']
[3.119s] Level 1:colcon.colcon_core.package_identification:_identify(pick_logic_pkg) by extension 'ignore'
[3.119s] Level 1:colcon.colcon_core.package_identification:_identify(pick_logic_pkg) by extension 'ignore_ament_install'
[3.120s] Level 1:colcon.colcon_core.package_identification:_identify(pick_logic_pkg) by extensions ['colcon_pkg']
[3.120s] Level 1:colcon.colcon_core.package_identification:_identify(pick_logic_pkg) by extension 'colcon_pkg'
[3.120s] Level 1:colcon.colcon_core.package_identification:_identify(pick_logic_pkg) by extensions ['colcon_meta']
[3.120s] Level 1:colcon.colcon_core.package_identification:_identify(pick_logic_pkg) by extension 'colcon_meta'
[3.121s] Level 1:colcon.colcon_core.package_identification:_identify(pick_logic_pkg) by extensions ['ros']
[3.121s] Level 1:colcon.colcon_core.package_identification:_identify(pick_logic_pkg) by extension 'ros'
[3.126s] DEBUG:colcon.colcon_core.package_identification:Package 'pick_logic_pkg' with type 'ros.ament_python' and name 'pick_logic_pkg'
[3.127s] Level 1:colcon.colcon_core.package_identification:_identify(realsense-ros) by extensions ['ignore', 'ignore_ament_install']
[3.127s] Level 1:colcon.colcon_core.package_identification:_identify(realsense-ros) by extension 'ignore'
[3.128s] Level 1:colcon.colcon_core.package_identification:_identify(realsense-ros) ignored
[3.128s] Level 1:colcon.colcon_core.package_identification:_identify(system_bringup_pkg) by extensions ['ignore', 'ignore_ament_install']
[3.129s] Level 1:colcon.colcon_core.package_identification:_identify(system_bringup_pkg) by extension 'ignore'
[3.129s] Level 1:colcon.colcon_core.package_identification:_identify(system_bringup_pkg) by extension 'ignore_ament_install'
[3.130s] Level 1:colcon.colcon_core.package_identification:_identify(system_bringup_pkg) by extensions ['colcon_pkg']
[3.130s] Level 1:colcon.colcon_core.package_identification:_identify(system_bringup_pkg) by extension 'colcon_pkg'
[3.130s] Level 1:colcon.colcon_core.package_identification:_identify(system_bringup_pkg) by extensions ['colcon_meta']
[3.130s] Level 1:colcon.colcon_core.package_identification:_identify(system_bringup_pkg) by extension 'colcon_meta'
[3.131s] Level 1:colcon.colcon_core.package_identification:_identify(system_bringup_pkg) by extensions ['ros']
[3.131s] Level 1:colcon.colcon_core.package_identification:_identify(system_bringup_pkg) by extension 'ros'
[3.136s] DEBUG:colcon.colcon_core.package_identification:Package 'system_bringup_pkg' with type 'ros.ament_python' and name 'system_bringup_pkg'
[3.136s] Level 1:colcon.colcon_core.package_identification:_identify(target_3d_pkg) by extensions ['ignore', 'ignore_ament_install']
[3.137s] Level 1:colcon.colcon_core.package_identification:_identify(target_3d_pkg) by extension 'ignore'
[3.137s] Level 1:colcon.colcon_core.package_identification:_identify(target_3d_pkg) by extension 'ignore_ament_install'
[3.138s] Level 1:colcon.colcon_core.package_identification:_identify(target_3d_pkg) by extensions ['colcon_pkg']
[3.138s] Level 1:colcon.colcon_core.package_identification:_identify(target_3d_pkg) by extension 'colcon_pkg'
[3.138s] Level 1:colcon.colcon_core.package_identification:_identify(target_3d_pkg) by extensions ['colcon_meta']
[3.139s] Level 1:colcon.colcon_core.package_identification:_identify(target_3d_pkg) by extension 'colcon_meta'
[3.139s] Level 1:colcon.colcon_core.package_identification:_identify(target_3d_pkg) by extensions ['ros']
[3.139s] Level 1:colcon.colcon_core.package_identification:_identify(target_3d_pkg) by extension 'ros'
[3.147s] DEBUG:colcon.colcon_core.package_identification:Package 'target_3d_pkg' with type 'ros.ament_python' and name 'target_3d_pkg'
[3.148s] Level 1:colcon.colcon_core.package_identification:_identify(vitis_ai_detector_pkg) by extensions ['ignore', 'ignore_ament_install']
[3.149s] Level 1:colcon.colcon_core.package_identification:_identify(vitis_ai_detector_pkg) by extension 'ignore'
[3.149s] Level 1:colcon.colcon_core.package_identification:_identify(vitis_ai_detector_pkg) by extension 'ignore_ament_install'
[3.150s] Level 1:colcon.colcon_core.package_identification:_identify(vitis_ai_detector_pkg) by extensions ['colcon_pkg']
[3.150s] Level 1:colcon.colcon_core.package_identification:_identify(vitis_ai_detector_pkg) by extension 'colcon_pkg'
[3.150s] Level 1:colcon.colcon_core.package_identification:_identify(vitis_ai_detector_pkg) by extensions ['colcon_meta']
[3.150s] Level 1:colcon.colcon_core.package_identification:_identify(vitis_ai_detector_pkg) by extension 'colcon_meta'
[3.151s] Level 1:colcon.colcon_core.package_identification:_identify(vitis_ai_detector_pkg) by extensions ['ros']
[3.151s] Level 1:colcon.colcon_core.package_identification:_identify(vitis_ai_detector_pkg) by extension 'ros'
[3.158s] DEBUG:colcon.colcon_core.package_identification:Package 'vitis_ai_detector_pkg' with type 'ros.ament_python' and name 'vitis_ai_detector_pkg'
[3.158s] Level 1:colcon.colcon_core.package_discovery:discover_packages(recursive) using defaults
[3.159s] Level 1:colcon.colcon_core.package_discovery:discover_packages(ignore) discover
[3.159s] Level 1:colcon.colcon_core.package_discovery:discover_packages(ignore) using defaults
[3.159s] Level 1:colcon.colcon_core.package_discovery:discover_packages(path) discover
[3.159s] Level 1:colcon.colcon_core.package_discovery:discover_packages(path) using defaults
[3.161s] WARNING:colcon.colcon_core.package_selection:ignoring unknown package 'system_bringup' in --packages-select
[3.459s] INFO:colcon.colcon_core.package_selection:Skipping not selected package 'apu_rpu_bridge_pkg' in 'apu_rpu_bridge_pkg'
[3.460s] INFO:colcon.colcon_core.package_selection:Skipping not selected package 'camera_source_pkg' in 'camera_source_pkg'
[3.460s] INFO:colcon.colcon_core.package_selection:Skipping not selected package 'my_interfaces' in 'my_interfaces'
[3.460s] INFO:colcon.colcon_core.package_selection:Skipping not selected package 'mock_detection_pkg' in 'mock_detection_pkg'
[3.460s] INFO:colcon.colcon_core.package_selection:Skipping not selected package 'pick_logic_pkg' in 'pick_logic_pkg'
[3.461s] INFO:colcon.colcon_core.package_selection:Skipping not selected package 'target_3d_pkg' in 'target_3d_pkg'
[3.461s] INFO:colcon.colcon_core.package_selection:Skipping not selected package 'vitis_ai_detector_pkg' in 'vitis_ai_detector_pkg'
[3.461s] INFO:colcon.colcon_core.package_selection:Skipping not selected package 'system_bringup_pkg' in 'system_bringup_pkg'
[3.470s] Level 1:colcon.colcon_core.package_discovery:discover_packages(prefix_path) check parameters
[3.471s] Level 1:colcon.colcon_core.package_discovery:discover_packages(prefix_path) discover
[3.492s] DEBUG:colcon.colcon_installed_package_information.package_discovery:Found 10 installed packages in /home/ubuntu/ros2_ws/install
[3.502s] DEBUG:colcon.colcon_installed_package_information.package_discovery:Found 218 installed packages in /opt/ros/humble
[3.514s] Level 1:colcon.colcon_core.package_discovery:discover_packages(prefix_path) using defaults
[3.794s] INFO:colcon.colcon_core.executor:Executing jobs using 'parallel' executor
[3.800s] DEBUG:colcon.colcon_parallel_executor.executor.parallel:run_until_complete
[3.801s] DEBUG:colcon.colcon_parallel_executor.executor.parallel:closing loop
[3.803s] DEBUG:colcon.colcon_parallel_executor.executor.parallel:loop closed
[3.803s] DEBUG:colcon.colcon_parallel_executor.executor.parallel:run_until_complete finished with '0'
[3.804s] DEBUG:colcon.colcon_core.event_reactor:joining thread
[3.850s] INFO:colcon.colcon_core.plugin_system:Skipping extension 'colcon_notification.desktop_notification.terminal_notifier': Not used on non-Darwin systems
[3.850s] INFO:colcon.colcon_core.plugin_system:Skipping extension 'colcon_notification.desktop_notification.win32': Not used on non-Windows systems
[3.851s] INFO:colcon.colcon_notification.desktop_notification:Sending desktop notification using 'notify2'
[4.540s] DEBUG:colcon.colcon_core.event_reactor:joined thread
[4.567s] INFO:colcon.colcon_core.plugin_system:Skipping extension 'colcon_core.shell.bat': Not used on non-Windows systems
[4.569s] INFO:colcon.colcon_core.shell:Creating prefix script '/home/ubuntu/ros2_ws/src/install/local_setup.ps1'
[4.579s] INFO:colcon.colcon_core.shell:Creating prefix util module '/home/ubuntu/ros2_ws/src/install/_local_setup_util_ps1.py'
[4.591s] INFO:colcon.colcon_core.shell:Creating prefix chain script '/home/ubuntu/ros2_ws/src/install/setup.ps1'
[4.607s] INFO:colcon.colcon_core.shell:Creating prefix script '/home/ubuntu/ros2_ws/src/install/local_setup.sh'
[4.612s] INFO:colcon.colcon_core.shell:Creating prefix util module '/home/ubuntu/ros2_ws/src/install/_local_setup_util_sh.py'
[4.617s] INFO:colcon.colcon_core.shell:Creating prefix chain script '/home/ubuntu/ros2_ws/src/install/setup.sh'
[4.628s] INFO:colcon.colcon_core.shell:Creating prefix script '/home/ubuntu/ros2_ws/src/install/local_setup.bash'
[4.634s] INFO:colcon.colcon_core.shell:Creating prefix chain script '/home/ubuntu/ros2_ws/src/install/setup.bash'
[4.645s] INFO:colcon.colcon_core.shell:Creating prefix script '/home/ubuntu/ros2_ws/src/install/local_setup.zsh'
[4.650s] INFO:colcon.colcon_core.shell:Creating prefix chain script '/home/ubuntu/ros2_ws/src/install/setup.zsh'
