=== RT 소크 시작: Mon Jul 13 03:41:36 PM KST 2026 / 목표 1200s / 커널 5.15.199-rt91-rt-kv260 ===
검출기: CONFIG_DEBUG_PREEMPT=y CONFIG_DEBUG_ATOMIC_SLEEP=y 
시작 위반 baseline: 0 건 (부팅 이후 누적)
[load] stress-ng 기동: fork16 clone8 pthread8 sysfs2 cpu3 vm2...
[15:42:18 +41s] 위반 델타=0  load=66.20  temp=C
[15:42:36 +60s] 위반 델타=0  load=101.36  temp=C
[15:43:27 +110s] 위반 델타=0  load=283.92  temp=C
[15:43:42 +126s] 위반 델타=0  load=256.29  temp=C
[15:44:00 +143s] 위반 델타=0  load=246.72  temp=C
[15:44:16 +160s] 위반 델타=0  load=227.99  temp=C
[15:44:35 +178s] 위반 델타=0  load=210.44  temp=C
[15:44:55 +199s] 위반 델타=0  load=234.67  temp=C
[15:45:12 +216s] 위반 델타=0  load=202.38  temp=C
[15:45:33 +236s] 위반 델타=0  load=208.44  temp=C
[15:45:50 +253s] 위반 델타=0  load=214.75  temp=C
[15:46:07 +270s] 위반 델타=0  load=217.80  temp=C
[15:46:25 +288s] 위반 델타=0  load=195.02  temp=C
[15:46:42 +305s] 위반 델타=0  load=189.85  temp=C
[15:46:59 +322s] 위반 델타=0  load=158.42  temp=C
[15:47:15 +339s] 위반 델타=0  load=156.48  temp=C
[15:47:32 +356s] 위반 델타=0  load=156.99  temp=C
[15:47:49 +373s] 위반 델타=0  load=160.05  temp=C
[15:48:06 +390s] 위반 델타=0  load=156.92  temp=C
[15:48:23 +407s] 위반 델타=0  load=146.76  temp=C
[15:48:40 +423s] 위반 델타=0  load=121.52  temp=C
[15:48:57 +440s] 위반 델타=0  load=121.65  temp=C
[15:49:14 +458s] 위반 델타=0  load=139.66  temp=C
[15:49:35 +478s] 위반 델타=0  load=139.87  temp=C
[15:49:51 +495s] 위반 델타=0  load=142.32  temp=C
[15:50:09 +513s] 위반 델타=0  load=144.61  temp=C
[15:50:26 +529s] 위반 델타=0  load=138.42  temp=C
[15:50:42 +546s] 위반 델타=0  load=131.22  temp=C
[15:50:59 +563s] 위반 델타=0  load=133.65  temp=C
[15:51:15 +579s] 위반 델타=0  load=121.54  temp=C
